[2026-02-07 08:25:51] --- Starting Daily Scrape: 2026-02-07 ---
[2026-02-07 08:25:51] Fetching data for AVUV from https://www.avantisinvestors.com/avantis-investments/total-holdings/119/?type=etf...
[2026-02-07 08:25:52] Fetching data for AVLV from https://www.avantisinvestors.com/avantis-investments/total-holdings/806/?type=etf...
[2026-02-07 08:25:54] Fetching CSV data for KYLD from https://web.services.kurvinvest.com/etfdata/KYLD/holdings.csv...
[2026-02-07 08:25:55] Fetching CSV data for KQQQ from https://web.services.kurvinvest.com/etfdata/KQQQ/holdings.csv...
[2026-02-07 08:25:56] Fetching CSV data for BLOX from https://nicholasx.com/wp-content/uploads/data/TidalFG_Holdings_BLOX.csv...
[2026-02-07 08:25:57] Fetching CSV data for ULTY from https://yieldmaxetfs.com/download/fund-csv/ULTY/...
[2026-02-07 08:25:58] Fetching CSV data for REX_ULTI from https://www.rexshares.com/ulti/...
[2026-02-07 08:26:00] Saved daily combined master: combined_2026-02-07.csv
[2026-02-07 08:26:00] No previous combined file found for change tracking.
[2026-02-07 08:26:00] Updated global dashboard file: /home/mph/anti/etf-holdings/normalized_holdings.csv
[2026-02-07 08:26:00] --- Scrape Complete ---
[2026-02-07 08:26:16] --- Starting Daily Scrape: 2026-02-07 ---
[2026-02-07 08:26:16] Fetching data for AVUV from https://www.avantisinvestors.com/avantis-investments/total-holdings/119/?type=etf...
[2026-02-07 08:26:17] Fetching data for AVLV from https://www.avantisinvestors.com/avantis-investments/total-holdings/806/?type=etf...
[2026-02-07 08:26:18] Fetching CSV data for KYLD from https://web.services.kurvinvest.com/etfdata/KYLD/holdings.csv...
[2026-02-07 08:26:20] Fetching CSV data for KQQQ from https://web.services.kurvinvest.com/etfdata/KQQQ/holdings.csv...
[2026-02-07 08:26:21] Fetching CSV data for BLOX from https://nicholasx.com/wp-content/uploads/data/TidalFG_Holdings_BLOX.csv...
[2026-02-07 08:26:22] Fetching CSV data for ULTY from https://yieldmaxetfs.com/download/fund-csv/ULTY/...
[2026-02-07 08:26:23] Fetching CSV data for REX_ULTI from https://www.rexshares.com/ulti/...
[2026-02-07 08:26:25] Saved daily combined master: combined_2026-02-07.csv
[2026-02-07 08:26:25] Comparing current data with combined_2026-02-06.csv...
[2026-02-07 08:26:25] Generated change report: changes_2026-02-07.csv (6 changes)
[2026-02-07 08:26:25] Updated global dashboard file: /home/mph/anti/etf-holdings/normalized_holdings.csv
[2026-02-07 08:26:25] --- Scrape Complete ---
[2026-02-07 08:26:53] --- Starting Daily Scrape: 2026-02-07 ---
[2026-02-07 08:26:53] Fetching data for AVUV from https://www.avantisinvestors.com/avantis-investments/total-holdings/119/?type=etf...
[2026-02-07 08:26:54] Fetching data for AVLV from https://www.avantisinvestors.com/avantis-investments/total-holdings/806/?type=etf...
[2026-02-07 08:26:55] Fetching CSV data for KYLD from https://web.services.kurvinvest.com/etfdata/KYLD/holdings.csv...
[2026-02-07 08:26:57] Fetching CSV data for KQQQ from https://web.services.kurvinvest.com/etfdata/KQQQ/holdings.csv...
[2026-02-07 08:26:58] Fetching CSV data for BLOX from https://nicholasx.com/wp-content/uploads/data/TidalFG_Holdings_BLOX.csv...
[2026-02-07 08:26:59] Fetching CSV data for ULTY from https://yieldmaxetfs.com/download/fund-csv/ULTY/...
[2026-02-07 08:27:00] Fetching CSV data for REX_ULTI from https://www.rexshares.com/ulti/...
[2026-02-07 08:27:02] Saved daily combined master: combined_2026-02-07.csv
[2026-02-07 08:27:02] Comparing current data with combined_2026-02-06.csv...
[2026-02-07 08:27:02] Generated change report: changes_2026-02-07.csv (6 changes)
[2026-02-07 08:27:02] Updated global dashboard file: /home/mph/anti/etf-holdings/normalized_holdings.csv
[2026-02-07 08:27:02] --- Scrape Complete ---
